c:\a\git\github_projects\orafce\msvc\orafce\x64\17\vc143.pdb
c:\a\git\github_projects\orafce\msvc\orafce\x64\17\regexp.obj
c:\a\git\github_projects\orafce\msvc\orafce\x64\17\random.obj
c:\a\git\github_projects\orafce\msvc\orafce\x64\17\putline.obj
c:\a\git\github_projects\orafce\msvc\orafce\x64\17\plvsubst.obj
c:\a\git\github_projects\orafce\msvc\orafce\x64\17\plvstr.obj
c:\a\git\github_projects\orafce\msvc\orafce\x64\17\plvlex.obj
c:\a\git\github_projects\orafce\msvc\orafce\x64\17\plvdate.obj
c:\a\git\github_projects\orafce\msvc\orafce\x64\17\plunit.obj
c:\a\git\github_projects\orafce\msvc\orafce\x64\17\pipe.obj
c:\a\git\github_projects\orafce\msvc\orafce\x64\17\parse_keyword.obj
c:\a\git\github_projects\orafce\msvc\orafce\x64\17\others.obj
c:\a\git\github_projects\orafce\msvc\orafce\x64\17\math.obj
c:\a\git\github_projects\orafce\msvc\orafce\x64\17\magic.obj
c:\a\git\github_projects\orafce\msvc\orafce\x64\17\file.obj
c:\a\git\github_projects\orafce\msvc\orafce\x64\17\dbms_sql.obj
c:\a\git\github_projects\orafce\msvc\orafce\x64\17\datefce.obj
c:\a\git\github_projects\orafce\msvc\orafce\x64\17\convert.obj
c:\a\git\github_projects\orafce\msvc\orafce\x64\17\assert.obj
c:\a\git\github_projects\orafce\msvc\orafce\x64\17\alert.obj
c:\a\git\github_projects\orafce\msvc\orafce\x64\17\aggregate.obj
c:\a\git\github_projects\orafce\msvc\orafce\x64\17\varchar2.obj
c:\a\git\github_projects\orafce\msvc\orafce\x64\17\utility.obj
c:\a\git\github_projects\orafce\msvc\orafce\x64\17\nvarchar2.obj
c:\a\git\github_projects\orafce\msvc\orafce\x64\17\charpad.obj
c:\a\git\github_projects\orafce\msvc\orafce\x64\17\charlen.obj
c:\a\git\github_projects\orafce\msvc\orafce\x64\17\orafce.obj
c:\a\git\github_projects\orafce\msvc\orafce\x64\17\shmmc.obj
c:\a\git\github_projects\orafce\msvc\orafce\x64\17\replace_empty_string.obj
c:\a\git\github_projects\orafce\msvc\x64\17\orafce.pdb
c:\a\git\github_projects\orafce\msvc\orafce\x64\17\orafce.tlog\cl.command.1.tlog
c:\a\git\github_projects\orafce\msvc\orafce\x64\17\orafce.tlog\cl.read.1.tlog
c:\a\git\github_projects\orafce\msvc\orafce\x64\17\orafce.tlog\cl.write.1.tlog
c:\a\git\github_projects\orafce\msvc\orafce\x64\17\orafce.tlog\link.command.1.tlog
c:\a\git\github_projects\orafce\msvc\orafce\x64\17\orafce.tlog\link.read.1.tlog
c:\a\git\github_projects\orafce\msvc\orafce\x64\17\orafce.tlog\link.read.2.tlog
c:\a\git\github_projects\orafce\msvc\orafce\x64\17\orafce.tlog\link.write.1.tlog
